cases=303 out_dir=agent_space/gb300_fwd_config_final_exact
[1/44] compiled long_k_d64_nonpersistent/baseline
[2/44] compiled long_k_d64_nonpersistent/candidate
[3/44] compiled long_k_d64_nonpersistent/baseline
[4/44] compiled long_k_d64_nonpersistent/candidate
[5/44] compiled long_k_d64_nonpersistent/candidate
[6/44] compiled long_k_d64_nonpersistent/candidate
[7/44] compiled long_k_d64_nonpersistent/baseline
[8/44] compiled long_k_d64_nonpersistent/baseline
[9/44] compiled balanced_varlen_mha_clc/baseline
[10/44] compiled balanced_varlen_mha_clc/baseline
[11/44] compiled balanced_varlen_mha_clc/baseline
[12/44] compiled high_head_varlen_clc/baseline
[13/44] compiled balanced_varlen_mha_clc/candidate
[14/44] compiled balanced_varlen_mha_clc/candidate
[15/44] compiled balanced_varlen_mha_clc/candidate
[16/44] compiled high_head_varlen_clc/candidate
[17/44] compiled high_head_varlen_clc/baseline
[18/44] compiled high_head_varlen_clc/candidate
[19/44] compiled high_head_varlen_clc/baseline
[20/44] compiled high_head_varlen_clc/baseline
[21/44] compiled dense_short_k_clc/baseline
[22/44] compiled high_head_varlen_clc/candidate
[23/44] compiled dense_short_k_clc/candidate
[24/44] compiled high_head_varlen_clc/baseline
[25/44] compiled high_head_varlen_clc/baseline
[26/44] compiled high_head_varlen_clc/baseline
[27/44] compiled high_head_varlen_clc/candidate
[28/44] compiled dense_short_k_clc/baseline
[29/44] compiled high_head_varlen_clc/candidate
[30/44] compiled high_head_varlen_clc/candidate
[31/44] compiled high_head_varlen_clc/candidate
[32/44] compiled dense_short_k_clc/candidate
[33/44] compiled dense_short_k_clc/baseline
[34/44] compiled dense_short_k_clc/candidate
[35/44] compiled dense_short_k_clc/baseline
[36/44] compiled dense_short_k_clc/baseline
[37/44] compiled dense_short_k_clc/candidate
[38/44] compiled dense_short_k_clc/baseline
[39/44] compiled dense_short_k_clc/candidate
[40/44] compiled dense_short_k_clc/candidate
[41/44] compiled dense_short_k_clc/candidate
[42/44] compiled dense_short_k_clc/baseline
[43/44] compiled dense_short_k_clc/candidate
[44/44] compiled dense_short_k_clc/baseline
correctness passed: long_k_d64_nonpersistent
correctness passed: balanced_varlen_mha_clc
correctness passed: high_head_varlen_clc
correctness passed: dense_short_k_clc
[1/303] long_k_d64_nonpersistent__q128_k4096_b1_c0_s1__h16kv16d64v64: 1.054x
[2/303] long_k_d64_nonpersistent__q128_k5120_b1_c0_s1__h16kv16d64v64: 1.055x
[3/303] long_k_d64_nonpersistent__q128_k8192_b1_c0_s1__h16kv16d64v64: 1.040x
[4/303] long_k_d64_nonpersistent__q1024_k4096_b1_c0_s1__h16kv16d64v64: 1.106x
[5/303] long_k_d64_nonpersistent__q1024_k5120_b1_c0_s1__h16kv16d64v64: 1.091x
[6/303] long_k_d64_nonpersistent__q1024_k8192_b1_c0_s1__h16kv16d64v64: 1.099x
[7/303] long_k_d64_nonpersistent__q4096_k4096_b1_c0_s1__h16kv16d64v64: 1.063x
[8/303] long_k_d64_nonpersistent__q4096_k5120_b1_c0_s1__h16kv16d64v64: 1.074x
[9/303] long_k_d64_nonpersistent__q4096_k8192_b1_c0_s1__h16kv16d64v64: 1.090x
[10/303] long_k_d64_nonpersistent__q8192_k4096_b1_c0_s1__h16kv16d64v64: 1.047x
[11/303] long_k_d64_nonpersistent__q8192_k5120_b1_c0_s1__h16kv16d64v64: 1.057x
[12/303] long_k_d64_nonpersistent__q8192_k8192_b1_c0_s1__h16kv16d64v64: 1.078x
[13/303] long_k_d64_nonpersistent__q128_k4096_b8_c0_s1__h16kv16d64v64: 1.023x
[14/303] long_k_d64_nonpersistent__q128_k5120_b8_c0_s1__h16kv16d64v64: 1.046x
[15/303] long_k_d64_nonpersistent__q128_k8192_b8_c0_s1__h16kv16d64v64: 1.042x
[16/303] long_k_d64_nonpersistent__q1024_k4096_b8_c0_s1__h16kv16d64v64: 1.032x
[17/303] long_k_d64_nonpersistent__q1024_k5120_b8_c0_s1__h16kv16d64v64: 1.041x
[18/303] long_k_d64_nonpersistent__q1024_k8192_b8_c0_s1__h16kv16d64v64: 1.071x
[19/303] long_k_d64_nonpersistent__q4096_k4096_b8_c0_s1__h16kv16d64v64: 1.015x
[20/303] long_k_d64_nonpersistent__q4096_k5120_b8_c0_s1__h16kv16d64v64: 1.031x
[21/303] long_k_d64_nonpersistent__q4096_k8192_b8_c0_s1__h16kv16d64v64: 1.048x
[22/303] long_k_d64_nonpersistent__q8192_k4096_b8_c0_s1__h16kv16d64v64: 1.016x
[23/303] long_k_d64_nonpersistent__q8192_k5120_b8_c0_s1__h16kv16d64v64: 1.031x
[24/303] long_k_d64_nonpersistent__q8192_k8192_b8_c0_s1__h16kv16d64v64: 1.053x
[25/303] long_k_d64_nonpersistent__q128_k4096_b1_c0_s1__h16kv4d64v64: 1.069x
[26/303] long_k_d64_nonpersistent__q128_k5120_b1_c0_s1__h16kv4d64v64: 1.100x
[27/303] long_k_d64_nonpersistent__q128_k8192_b1_c0_s1__h16kv4d64v64: 1.100x
[28/303] long_k_d64_nonpersistent__q1024_k4096_b1_c0_s1__h16kv4d64v64: 1.101x
[29/303] long_k_d64_nonpersistent__q1024_k5120_b1_c0_s1__h16kv4d64v64: 1.095x
[30/303] long_k_d64_nonpersistent__q1024_k8192_b1_c0_s1__h16kv4d64v64: 1.103x
[31/303] long_k_d64_nonpersistent__q4096_k4096_b1_c0_s1__h16kv4d64v64: 1.067x
[32/303] long_k_d64_nonpersistent__q4096_k5120_b1_c0_s1__h16kv4d64v64: 1.076x
[33/303] long_k_d64_nonpersistent__q4096_k8192_b1_c0_s1__h16kv4d64v64: 1.100x
[34/303] long_k_d64_nonpersistent__q8192_k4096_b1_c0_s1__h16kv4d64v64: 1.050x
[35/303] long_k_d64_nonpersistent__q8192_k5120_b1_c0_s1__h16kv4d64v64: 1.065x
[36/303] long_k_d64_nonpersistent__q8192_k8192_b1_c0_s1__h16kv4d64v64: 1.082x
[37/303] long_k_d64_nonpersistent__q128_k4096_b8_c0_s1__h16kv4d64v64: 1.092x
[38/303] long_k_d64_nonpersistent__q128_k5120_b8_c0_s1__h16kv4d64v64: 1.098x
[39/303] long_k_d64_nonpersistent__q128_k8192_b8_c0_s1__h16kv4d64v64: 1.102x
[40/303] long_k_d64_nonpersistent__q1024_k4096_b8_c0_s1__h16kv4d64v64: 1.048x
[41/303] long_k_d64_nonpersistent__q1024_k5120_b8_c0_s1__h16kv4d64v64: 1.052x
[42/303] long_k_d64_nonpersistent__q1024_k8192_b8_c0_s1__h16kv4d64v64: 1.072x
[43/303] long_k_d64_nonpersistent__q4096_k4096_b8_c0_s1__h16kv4d64v64: 1.021x
[44/303] long_k_d64_nonpersistent__q4096_k5120_b8_c0_s1__h16kv4d64v64: 1.050x
[45/303] long_k_d64_nonpersistent__q4096_k8192_b8_c0_s1__h16kv4d64v64: 1.068x
[46/303] long_k_d64_nonpersistent__q8192_k4096_b8_c0_s1__h16kv4d64v64: 0.999x
[47/303] long_k_d64_nonpersistent__q8192_k5120_b8_c0_s1__h16kv4d64v64: 1.033x
[48/303] long_k_d64_nonpersistent__q8192_k8192_b8_c0_s1__h16kv4d64v64: 1.059x
[49/303] long_k_d64_nonpersistent__q384_k4608_b2_c0_s1__h16kv16d64v64: 1.065x
[50/303] long_k_d64_nonpersistent__q384_k6144_b2_c0_s1__h16kv16d64v64: 1.093x
[51/303] long_k_d64_nonpersistent__q384_k7168_b2_c0_s1__h16kv16d64v64: 1.084x
[52/303] long_k_d64_nonpersistent__q1536_k4608_b2_c0_s1__h16kv16d64v64: 1.073x
[53/303] long_k_d64_nonpersistent__q1536_k6144_b2_c0_s1__h16kv16d64v64: 1.074x
[54/303] long_k_d64_nonpersistent__q1536_k7168_b2_c0_s1__h16kv16d64v64: 1.082x
[55/303] long_k_d64_nonpersistent__q6144_k4608_b2_c0_s1__h16kv16d64v64: 1.031x
[56/303] long_k_d64_nonpersistent__q6144_k6144_b2_c0_s1__h16kv16d64v64: 1.045x
[57/303] long_k_d64_nonpersistent__q6144_k7168_b2_c0_s1__h16kv16d64v64: 1.054x
[58/303] long_k_d64_nonpersistent__q12288_k4608_b2_c0_s1__h16kv16d64v64: 1.035x
[59/303] long_k_d64_nonpersistent__q12288_k6144_b2_c0_s1__h16kv16d64v64: 1.043x
[60/303] long_k_d64_nonpersistent__q12288_k7168_b2_c0_s1__h16kv16d64v64: 1.061x
[61/303] long_k_d64_nonpersistent__q384_k4608_b16_c0_s1__h16kv16d64v64: 1.050x
[62/303] long_k_d64_nonpersistent__q384_k6144_b16_c0_s1__h16kv16d64v64: 1.061x
[63/303] long_k_d64_nonpersistent__q384_k7168_b16_c0_s1__h16kv16d64v64: 1.065x
[64/303] long_k_d64_nonpersistent__q1536_k4608_b16_c0_s1__h16kv16d64v64: 1.026x
[65/303] long_k_d64_nonpersistent__q1536_k6144_b16_c0_s1__h16kv16d64v64: 1.053x
[66/303] long_k_d64_nonpersistent__q1536_k7168_b16_c0_s1__h16kv16d64v64: 1.051x
[67/303] long_k_d64_nonpersistent__q6144_k4608_b16_c0_s1__h16kv16d64v64: 1.009x
[68/303] long_k_d64_nonpersistent__q6144_k6144_b16_c0_s1__h16kv16d64v64: 1.026x
[69/303] long_k_d64_nonpersistent__q6144_k7168_b16_c0_s1__h16kv16d64v64: 1.040x
[70/303] long_k_d64_nonpersistent__q12288_k4608_b16_c0_s1__h16kv16d64v64: 1.028x
[71/303] long_k_d64_nonpersistent__q12288_k6144_b16_c0_s1__h16kv16d64v64: 1.040x
[72/303] long_k_d64_nonpersistent__q12288_k7168_b16_c0_s1__h16kv16d64v64: 1.044x
[73/303] long_k_d64_nonpersistent__q384_k4608_b2_c0_s1__h16kv1d64v64: 1.067x
[74/303] long_k_d64_nonpersistent__q384_k6144_b2_c0_s1__h16kv1d64v64: 1.105x
[75/303] long_k_d64_nonpersistent__q384_k7168_b2_c0_s1__h16kv1d64v64: 1.088x
[76/303] long_k_d64_nonpersistent__q1536_k4608_b2_c0_s1__h16kv1d64v64: 1.063x
[77/303] long_k_d64_nonpersistent__q1536_k6144_b2_c0_s1__h16kv1d64v64: 1.088x
[78/303] long_k_d64_nonpersistent__q1536_k7168_b2_c0_s1__h16kv1d64v64: 1.083x
[79/303] long_k_d64_nonpersistent__q6144_k4608_b2_c0_s1__h16kv1d64v64: 1.046x
[80/303] long_k_d64_nonpersistent__q6144_k6144_b2_c0_s1__h16kv1d64v64: 1.062x
[81/303] long_k_d64_nonpersistent__q6144_k7168_b2_c0_s1__h16kv1d64v64: 1.072x
[82/303] long_k_d64_nonpersistent__q12288_k4608_b2_c0_s1__h16kv1d64v64: 1.031x
[83/303] long_k_d64_nonpersistent__q12288_k6144_b2_c0_s1__h16kv1d64v64: 1.053x
[84/303] long_k_d64_nonpersistent__q12288_k7168_b2_c0_s1__h16kv1d64v64: 1.054x
[85/303] long_k_d64_nonpersistent__q384_k4608_b16_c0_s1__h16kv1d64v64: 1.060x
[86/303] long_k_d64_nonpersistent__q384_k6144_b16_c0_s1__h16kv1d64v64: 1.079x
[87/303] long_k_d64_nonpersistent__q384_k7168_b16_c0_s1__h16kv1d64v64: 1.084x
[88/303] long_k_d64_nonpersistent__q1536_k4608_b16_c0_s1__h16kv1d64v64: 1.030x
[89/303] long_k_d64_nonpersistent__q1536_k6144_b16_c0_s1__h16kv1d64v64: 1.055x
[90/303] long_k_d64_nonpersistent__q1536_k7168_b16_c0_s1__h16kv1d64v64: 1.054x
[91/303] long_k_d64_nonpersistent__q6144_k4608_b16_c0_s1__h16kv1d64v64: 1.030x
[92/303] long_k_d64_nonpersistent__q6144_k6144_b16_c0_s1__h16kv1d64v64: 1.032x
[93/303] long_k_d64_nonpersistent__q6144_k7168_b16_c0_s1__h16kv1d64v64: 1.041x
[94/303] long_k_d64_nonpersistent__q12288_k4608_b16_c0_s1__h16kv1d64v64: 1.023x
[95/303] long_k_d64_nonpersistent__q12288_k6144_b16_c0_s1__h16kv1d64v64: 1.044x
[96/303] long_k_d64_nonpersistent__q12288_k7168_b16_c0_s1__h16kv1d64v64: 1.050x
[97/303] balanced_varlen_mha_clc__q10240_k5120_b4_uniform_c0_s1__h8kv8d64v64: 1.095x
[98/303] balanced_varlen_mha_clc__q10240_k15360_b4_uniform_c0_s1__h8kv8d64v64: 1.024x
[99/303] balanced_varlen_mha_clc__q12288_k6144_b4_uniform_c0_s1__h8kv8d64v64: 1.075x
[100/303] balanced_varlen_mha_clc__q12288_k18432_b4_uniform_c0_s1__h8kv8d64v64: 1.031x
[101/303] balanced_varlen_mha_clc__q16384_k8192_b4_uniform_c0_s1__h8kv8d64v64: 1.074x
[102/303] balanced_varlen_mha_clc__q16384_k24576_b4_uniform_c0_s1__h8kv8d64v64: 1.035x
[103/303] balanced_varlen_mha_clc__q10240_k5120_b16_uniform_c0_s1__h8kv8d64v64: 1.130x
[104/303] balanced_varlen_mha_clc__q10240_k15360_b16_uniform_c0_s1__h8kv8d64v64: 1.086x
[105/303] balanced_varlen_mha_clc__q12288_k6144_b16_uniform_c0_s1__h8kv8d64v64: 1.145x
[106/303] balanced_varlen_mha_clc__q12288_k18432_b16_uniform_c0_s1__h8kv8d64v64: 1.095x
[107/303] balanced_varlen_mha_clc__q16384_k8192_b16_uniform_c0_s1__h8kv8d64v64: 1.159x
[108/303] balanced_varlen_mha_clc__q16384_k24576_b16_uniform_c0_s1__h8kv8d64v64: 1.111x
[109/303] balanced_varlen_mha_clc__q10240_k5120_b4_uniform_c0_s1__h8kv8d128v128: 1.123x
[110/303] balanced_varlen_mha_clc__q10240_k15360_b4_uniform_c0_s1__h8kv8d128v128: 1.031x
[111/303] balanced_varlen_mha_clc__q12288_k6144_b4_uniform_c0_s1__h8kv8d128v128: 1.109x
[112/303] balanced_varlen_mha_clc__q12288_k18432_b4_uniform_c0_s1__h8kv8d128v128: 1.033x
[113/303] balanced_varlen_mha_clc__q16384_k8192_b4_uniform_c0_s1__h8kv8d128v128: 1.127x
[114/303] balanced_varlen_mha_clc__q16384_k24576_b4_uniform_c0_s1__h8kv8d128v128: 1.039x
[115/303] balanced_varlen_mha_clc__q10240_k5120_b16_uniform_c0_s1__h8kv8d128v128: 1.162x
[116/303] balanced_varlen_mha_clc__q10240_k15360_b16_uniform_c0_s1__h8kv8d128v128: 1.135x
[117/303] balanced_varlen_mha_clc__q12288_k6144_b16_uniform_c0_s1__h8kv8d128v128: 1.222x
[118/303] balanced_varlen_mha_clc__q12288_k18432_b16_uniform_c0_s1__h8kv8d128v128: 1.146x
[119/303] balanced_varlen_mha_clc__q16384_k8192_b16_uniform_c0_s1__h8kv8d128v128: 1.315x
[120/303] balanced_varlen_mha_clc__q16384_k24576_b16_uniform_c0_s1__h8kv8d128v128: 1.124x
[121/303] balanced_varlen_mha_clc__q10240_k5120_b4_uniform_c0_s1__h16kv16d64v64: 1.121x
[122/303] balanced_varlen_mha_clc__q10240_k15360_b4_uniform_c0_s1__h16kv16d64v64: 1.059x
[123/303] balanced_varlen_mha_clc__q12288_k6144_b4_uniform_c0_s1__h16kv16d64v64: 1.123x
[124/303] balanced_varlen_mha_clc__q12288_k18432_b4_uniform_c0_s1__h16kv16d64v64: 1.055x
[125/303] balanced_varlen_mha_clc__q16384_k8192_b4_uniform_c0_s1__h16kv16d64v64: 1.128x
[126/303] balanced_varlen_mha_clc__q16384_k24576_b4_uniform_c0_s1__h16kv16d64v64: 1.047x
[127/303] balanced_varlen_mha_clc__q10240_k5120_b16_uniform_c0_s1__h16kv16d64v64: 1.242x
[128/303] balanced_varlen_mha_clc__q10240_k15360_b16_uniform_c0_s1__h16kv16d64v64: 1.189x
[129/303] balanced_varlen_mha_clc__q12288_k6144_b16_uniform_c0_s1__h16kv16d64v64: 1.282x
[130/303] balanced_varlen_mha_clc__q12288_k18432_b16_uniform_c0_s1__h16kv16d64v64: 1.179x
[131/303] balanced_varlen_mha_clc__q16384_k8192_b16_uniform_c0_s1__h16kv16d64v64: 1.307x
[132/303] balanced_varlen_mha_clc__q16384_k24576_b16_uniform_c0_s1__h16kv16d64v64: 1.165x
[133/303] balanced_varlen_mha_clc__q10240_k5120_b4_uniform_c0_s1__h16kv16d128v128: 1.166x
[134/303] balanced_varlen_mha_clc__q10240_k15360_b4_uniform_c0_s1__h16kv16d128v128: 1.064x
[135/303] balanced_varlen_mha_clc__q12288_k6144_b4_uniform_c0_s1__h16kv16d128v128: 1.124x
[136/303] balanced_varlen_mha_clc__q12288_k18432_b4_uniform_c0_s1__h16kv16d128v128: 1.034x
[137/303] balanced_varlen_mha_clc__q16384_k8192_b4_uniform_c0_s1__h16kv16d128v128: 1.138x
[138/303] balanced_varlen_mha_clc__q16384_k24576_b4_uniform_c0_s1__h16kv16d128v128: 1.068x
[139/303] balanced_varlen_mha_clc__q10240_k5120_b16_uniform_c0_s1__h16kv16d128v128: 1.345x
[140/303] balanced_varlen_mha_clc__q10240_k15360_b16_uniform_c0_s1__h16kv16d128v128: 1.169x
[141/303] balanced_varlen_mha_clc__q12288_k6144_b16_uniform_c0_s1__h16kv16d128v128: 1.373x
[142/303] balanced_varlen_mha_clc__q12288_k18432_b16_uniform_c0_s1__h16kv16d128v128: 1.187x
[143/303] balanced_varlen_mha_clc__q16384_k8192_b16_uniform_c0_s1__h16kv16d128v128: 1.349x
[144/303] balanced_varlen_mha_clc__q16384_k24576_b16_uniform_c0_s1__h16kv16d128v128: 1.158x
[145/303] balanced_varlen_mha_clc__q11264_k4224_b8_bimodal_c0_s1__h16kv16d96v96: 1.140x
[146/303] balanced_varlen_mha_clc__q11264_k4224_b8_staircase_c0_s1__h16kv16d96v96: 1.232x
[147/303] balanced_varlen_mha_clc__q11264_k11264_b8_bimodal_c0_s1__h16kv16d96v96: 1.047x
[148/303] balanced_varlen_mha_clc__q11264_k11264_b8_staircase_c0_s1__h16kv16d96v96: 1.117x
[149/303] balanced_varlen_mha_clc__q11264_k22528_b8_bimodal_c0_s1__h16kv16d96v96: 1.010x
[150/303] balanced_varlen_mha_clc__q11264_k22528_b8_staircase_c0_s1__h16kv16d96v96: 1.065x
[151/303] balanced_varlen_mha_clc__q13312_k4992_b8_bimodal_c0_s1__h16kv16d96v96: 1.178x
[152/303] balanced_varlen_mha_clc__q13312_k4992_b8_staircase_c0_s1__h16kv16d96v96: 1.197x
[153/303] balanced_varlen_mha_clc__q13312_k13312_b8_bimodal_c0_s1__h16kv16d96v96: 1.077x
[154/303] balanced_varlen_mha_clc__q13312_k13312_b8_staircase_c0_s1__h16kv16d96v96: 1.106x
[155/303] balanced_varlen_mha_clc__q13312_k26624_b8_bimodal_c0_s1__h16kv16d96v96: 1.055x
[156/303] balanced_varlen_mha_clc__q13312_k26624_b8_staircase_c0_s1__h16kv16d96v96: 1.062x
[157/303] balanced_varlen_mha_clc__q18432_k6912_b8_bimodal_c0_s1__h16kv16d96v96: 1.178x
[158/303] balanced_varlen_mha_clc__q18432_k6912_b8_staircase_c0_s1__h16kv16d96v96: 1.189x
[159/303] balanced_varlen_mha_clc__q18432_k18432_b8_bimodal_c0_s1__h16kv16d96v96: 1.070x
[160/303] balanced_varlen_mha_clc__q18432_k18432_b8_staircase_c0_s1__h16kv16d96v96: 1.091x
[161/303] balanced_varlen_mha_clc__q18432_k36864_b8_bimodal_c0_s1__h16kv16d96v96: 1.025x
[162/303] balanced_varlen_mha_clc__q18432_k36864_b8_staircase_c0_s1__h16kv16d96v96: 1.054x
[163/303] balanced_varlen_mha_clc__q11264_k4224_b24_bimodal_c0_s1__h16kv16d96v96: 1.298x
[164/303] balanced_varlen_mha_clc__q11264_k4224_b24_staircase_c0_s1__h16kv16d96v96: 1.336x
[165/303] balanced_varlen_mha_clc__q11264_k11264_b24_bimodal_c0_s1__h16kv16d96v96: 1.155x
[166/303] balanced_varlen_mha_clc__q11264_k11264_b24_staircase_c0_s1__h16kv16d96v96: 1.227x
[167/303] balanced_varlen_mha_clc__q11264_k22528_b24_bimodal_c0_s1__h16kv16d96v96: 1.084x
[168/303] balanced_varlen_mha_clc__q11264_k22528_b24_staircase_c0_s1__h16kv16d96v96: 1.159x
[169/303] balanced_varlen_mha_clc__q13312_k4992_b24_bimodal_c0_s1__h16kv16d96v96: 1.321x
[170/303] balanced_varlen_mha_clc__q13312_k4992_b24_staircase_c0_s1__h16kv16d96v96: 1.354x
[171/303] balanced_varlen_mha_clc__q13312_k13312_b24_bimodal_c0_s1__h16kv16d96v96: 1.155x
[172/303] balanced_varlen_mha_clc__q13312_k13312_b24_staircase_c0_s1__h16kv16d96v96: 1.246x
[173/303] balanced_varlen_mha_clc__q13312_k26624_b24_bimodal_c0_s1__h16kv16d96v96: 1.072x
[174/303] balanced_varlen_mha_clc__q13312_k26624_b24_staircase_c0_s1__h16kv16d96v96: 1.146x
[175/303] balanced_varlen_mha_clc__q18432_k6912_b24_bimodal_c0_s1__h16kv16d96v96: 1.330x
[176/303] balanced_varlen_mha_clc__q18432_k6912_b24_staircase_c0_s1__h16kv16d96v96: 1.338x
[177/303] balanced_varlen_mha_clc__q18432_k18432_b24_bimodal_c0_s1__h16kv16d96v96: 1.170x
[178/303] balanced_varlen_mha_clc__q18432_k18432_b24_staircase_c0_s1__h16kv16d96v96: 1.204x
[179/303] balanced_varlen_mha_clc__q18432_k36864_b24_bimodal_c0_s1__h16kv16d96v96: 1.083x
[180/303] balanced_varlen_mha_clc__q18432_k36864_b24_staircase_c0_s1__h16kv16d96v96: 1.117x
[181/303] high_head_varlen_clc__q6144_k12288_b48_bimodal_c1_s1__h32kv8d128v128: 1.248x
[182/303] high_head_varlen_clc__q12288_k6144_b3_staircase_c0_s1__h24kv24d96v96: 1.115x
[183/303] high_head_varlen_clc__q6144_k6144_b48_staircase_c1_s1__h28kv4d128v128: 1.140x
[184/303] high_head_varlen_clc__q24576_k24576_b24_staircase_c0_s1__h32kv8d128v128: 1.219x
[185/303] high_head_varlen_clc__q6144_k6144_b12_bimodal_c1_s1__h71kv1d64v64: 1.265x
[186/303] high_head_varlen_clc__q12288_k6144_b24_staircase_c1_s1__h28kv4d128v128: 1.153x
[187/303] high_head_varlen_clc__q4096_k4096_b12_staircase_c0_s1__h32kv8d128v128: 1.224x
[188/303] high_head_varlen_clc__q6144_k6144_b24_bimodal_c1_s1__h24kv24d96v96: 1.156x
[189/303] high_head_varlen_clc__q12288_k6144_b3_staircase_c1_s1__h71kv1d64v64: 1.217x
[190/303] high_head_varlen_clc__q6144_k12288_b3_bimodal_c1_s1__h32kv8d128v128: 1.013x
[191/303] high_head_varlen_clc__q12288_k6144_b12_staircase_c1_s1__h24kv24d96v96: 1.223x
[192/303] high_head_varlen_clc__q6144_k6144_b12_bimodal_c0_s1__h28kv4d128v128: 1.143x
[193/303] high_head_varlen_clc__q24576_k24576_b48_bimodal_c1_s1__h32kv8d128v128: 1.321x
[194/303] high_head_varlen_clc__q6144_k6144_b24_bimodal_c0_s1__h71kv1d64v64: 1.358x
[195/303] high_head_varlen_clc__q12288_k6144_b3_staircase_c1_s1__h28kv4d128v128: 1.193x
[196/303] high_head_varlen_clc__q4096_k4096_b48_staircase_c0_s1__h32kv8d128v128: 1.294x
[197/303] high_head_varlen_clc__q6144_k6144_b3_bimodal_c0_s1__h24kv24d96v96: 1.003x
[198/303] high_head_varlen_clc__q12288_k6144_b12_staircase_c1_s1__h71kv1d64v64: 1.275x
[199/303] high_head_varlen_clc__q6144_k12288_b24_staircase_c0_s1__h32kv8d128v128: 1.239x
[200/303] high_head_varlen_clc__q12288_k6144_b48_bimodal_c1_s1__h24kv24d96v96: 1.240x
[201/303] high_head_varlen_clc__q6144_k6144_b24_bimodal_c0_s1__h28kv4d128v128: 1.175x
[202/303] high_head_varlen_clc__q24576_k24576_b12_bimodal_c1_s1__h32kv8d128v128: 1.189x
[203/303] high_head_varlen_clc__q6144_k6144_b3_bimodal_c0_s1__h71kv1d64v64: 1.082x
[204/303] high_head_varlen_clc__q12288_k6144_b12_staircase_c0_s1__h28kv4d128v128: 1.196x
[205/303] high_head_varlen_clc__q4096_k4096_b3_bimodal_c1_s1__h32kv8d128v128: 1.096x
[206/303] high_head_varlen_clc__q6144_k6144_b12_staircase_c0_s1__h24kv24d96v96: 1.203x
[207/303] high_head_varlen_clc__q12288_k6144_b48_bimodal_c0_s1__h71kv1d64v64: 1.421x
[208/303] high_head_varlen_clc__q6144_k12288_b48_staircase_c0_s1__h32kv8d128v128: 1.357x
[209/303] high_head_varlen_clc__q12288_k6144_b3_bimodal_c0_s1__h24kv24d96v96: 1.047x
[210/303] high_head_varlen_clc__q6144_k6144_b3_bimodal_c1_s1__h28kv4d128v128: 1.102x
[211/303] high_head_varlen_clc__q24576_k24576_b24_bimodal_c0_s1__h32kv8d128v128: 1.138x
[212/303] high_head_varlen_clc__q6144_k6144_b12_staircase_c1_s1__h71kv1d64v64: 1.273x
[213/303] high_head_varlen_clc__q12288_k6144_b48_bimodal_c0_s1__h28kv4d128v128: 1.242x
[214/303] high_head_varlen_clc__q4096_k4096_b24_bimodal_c0_s1__h32kv8d128v128: 1.259x
[215/303] high_head_varlen_clc__q6144_k6144_b48_staircase_c1_s1__h24kv24d96v96: 1.311x
[216/303] high_head_varlen_clc__q12288_k6144_b3_bimodal_c0_s1__h71kv1d64v64: 1.075x
[217/303] high_head_varlen_clc__q6144_k12288_b12_staircase_c1_s1__h32kv8d128v128: 1.124x
[218/303] high_head_varlen_clc__q12288_k6144_b24_bimodal_c0_s1__h24kv24d96v96: 1.376x
[219/303] high_head_varlen_clc__q6144_k6144_b12_staircase_c0_s1__h28kv4d128v128: 1.142x
[220/303] high_head_varlen_clc__q24576_k24576_b3_staircase_c0_s1__h32kv8d128v128: 1.023x
[221/303] high_head_varlen_clc__q6144_k6144_b48_staircase_c0_s1__h71kv1d64v64: 1.388x
[222/303] high_head_varlen_clc__q12288_k6144_b3_bimodal_c1_s1__h28kv4d128v128: 1.103x
[223/303] high_head_varlen_clc__q4096_k4096_b48_bimodal_c0_s1__h32kv8d128v128: 1.320x
[224/303] high_head_varlen_clc__q6144_k6144_b3_staircase_c0_s1__h24kv24d96v96: 1.080x
[225/303] high_head_varlen_clc__q6144_k12288_b6_bimodal_c0_s1__h28kv4d128v128: 1.022x
[226/303] high_head_varlen_clc__q6144_k12288_b6_bimodal_c1_s1__h28kv4d128v128: 1.090x
[227/303] high_head_varlen_clc__q12288_k6144_b12_staircase_c0_s1__h32kv8d128v128: 1.273x
[228/303] high_head_varlen_clc__q12288_k6144_b12_staircase_c1_s1__h32kv8d128v128: 1.252x
[229/303] high_head_varlen_clc__q9216_k4608_b12_bimodal_c0_s1__h24kv24d96v96: 1.255x
[230/303] high_head_varlen_clc__q9216_k4608_b12_bimodal_c1_s1__h24kv24d96v96: 1.184x
[231/303] dense_short_k_clc__q1_k2048_b32_c1_s1__h32kv8d128v128: 1.050x
[232/303] dense_short_k_clc__q17_k1536_b48_c1_s1__h71kv1d64v64: 1.067x
[233/303] dense_short_k_clc__q64_k1280_b96_c1_s1__h32kv32d96v96: 1.068x
[234/303] dense_short_k_clc__q1_k1152_b32_c1_s1__h32kv8d128v128: 1.065x
[235/303] dense_short_k_clc__q17_k1024_b48_c1_s1__h71kv1d64v64: 1.073x
[236/303] dense_short_k_clc__q64_k896_b96_c1_s1__h32kv32d96v96: 1.156x
[237/303] dense_short_k_clc__q1_k640_b32_c1_s1__h32kv8d128v128: 1.112x
[238/303] dense_short_k_clc__q1_k2048_b48_c1_s1__h71kv1d64v64: 0.995x
[239/303] dense_short_k_clc__q17_k1536_b96_c1_s1__h32kv32d96v96: 1.036x
[240/303] dense_short_k_clc__q1_k1152_b48_c1_s1__h71kv1d64v64: 1.002x
[241/303] dense_short_k_clc__q17_k1024_b96_c1_s1__h32kv32d96v96: 1.135x
[242/303] dense_short_k_clc__q1_k640_b48_c1_s1__h71kv1d64v64: 1.000x
[243/303] dense_short_k_clc__q1_k2048_b96_c1_s1__h32kv32d96v96: 1.015x
[244/303] dense_short_k_clc__q129_k1280_b48_c1_s1__h32kv8d128v128: 1.127x
[245/303] dense_short_k_clc__q1_k1152_b96_c1_s1__h32kv32d96v96: 1.133x
[246/303] dense_short_k_clc__q129_k896_b48_c1_s1__h32kv8d128v128: 1.170x
[247/303] dense_short_k_clc__q1_k640_b96_c1_s1__h32kv32d96v96: 1.358x
[248/303] dense_short_k_clc__q64_k1536_b48_c1_s1__h32kv8d128v128: 1.076x
[249/303] dense_short_k_clc__q129_k1280_b96_c1_s1__h71kv1d64v64: 1.240x
[250/303] dense_short_k_clc__q64_k1024_b48_c1_s1__h32kv8d128v128: 1.081x
[251/303] dense_short_k_clc__q129_k896_b96_c1_s1__h71kv1d64v64: 1.315x
[252/303] dense_short_k_clc__q17_k2048_b48_c1_s1__h32kv8d128v128: 1.034x
[253/303] dense_short_k_clc__q64_k1536_b96_c1_s1__h71kv1d64v64: 1.199x
[254/303] dense_short_k_clc__q17_k1152_b48_c1_s1__h32kv8d128v128: 1.095x
[255/303] dense_short_k_clc__q64_k1024_b96_c1_s1__h71kv1d64v64: 1.251x
[256/303] dense_short_k_clc__q17_k640_b48_c1_s1__h32kv8d128v128: 1.133x
[257/303] dense_short_k_clc__q17_k2048_b96_c1_s1__h71kv1d64v64: 1.111x
[258/303] dense_short_k_clc__q129_k1536_b32_c1_s1__h64kv8d64v64: 1.098x
[259/303] dense_short_k_clc__q1_k1280_b48_c1_s1__h32kv8d128v128: 1.086x
[260/303] dense_short_k_clc__q17_k1152_b96_c1_s1__h71kv1d64v64: 1.137x
[261/303] dense_short_k_clc__q129_k1024_b32_c1_s1__h64kv8d64v64: 1.160x
[262/303] dense_short_k_clc__q1_k896_b48_c1_s1__h32kv8d128v128: 1.120x
[263/303] dense_short_k_clc__q17_k640_b96_c1_s1__h71kv1d64v64: 1.183x
[264/303] dense_short_k_clc__q64_k2048_b32_c1_s1__h64kv8d64v64: 1.047x
[265/303] dense_short_k_clc__q1_k1280_b96_c1_s1__h71kv1d64v64: 1.000x
[266/303] dense_short_k_clc__q64_k1152_b32_c1_s1__h64kv8d64v64: 1.122x
[267/303] dense_short_k_clc__q1_k896_b96_c1_s1__h71kv1d64v64: 0.990x
[268/303] dense_short_k_clc__q64_k640_b32_c1_s1__h64kv8d64v64: 1.189x
[269/303] dense_short_k_clc__q129_k1536_b96_c1_s1__h32kv8d128v128: 1.159x
[270/303] dense_short_k_clc__q17_k1280_b32_c1_s1__h64kv8d64v64: 1.031x
[271/303] dense_short_k_clc__q129_k1024_b96_c1_s1__h32kv8d128v128: 1.153x
[272/303] dense_short_k_clc__q17_k896_b32_c1_s1__h64kv8d64v64: 1.059x
[273/303] dense_short_k_clc__q64_k2048_b96_c1_s1__h32kv8d128v128: 1.075x
[274/303] dense_short_k_clc__q1_k1536_b32_c1_s1__h64kv8d64v64: 1.066x
[275/303] dense_short_k_clc__q64_k1152_b96_c1_s1__h32kv8d128v128: 1.117x
[276/303] dense_short_k_clc__q1_k1024_b32_c1_s1__h64kv8d64v64: 1.052x
[277/303] dense_short_k_clc__q64_k640_b96_c1_s1__h32kv8d128v128: 1.204x
[278/303] dense_short_k_clc__q129_k2048_b32_c1_s1__h32kv32d96v96: 1.107x
[279/303] dense_short_k_clc__q17_k1280_b96_c1_s1__h32kv8d128v128: 1.069x
[280/303] dense_short_k_clc__q129_k1152_b32_c1_s1__h32kv32d96v96: 1.171x
[281/303] dense_short_k_clc__q17_k896_b96_c1_s1__h32kv8d128v128: 1.106x
[282/303] dense_short_k_clc__q129_k640_b32_c1_s1__h32kv32d96v96: 1.251x
[283/303] dense_short_k_clc__q129_k2048_b48_c1_s1__h64kv8d64v64: 1.064x
[284/303] dense_short_k_clc__q1_k1536_b96_c1_s1__h32kv8d128v128: 1.059x
[285/303] dense_short_k_clc__q64_k1280_b32_c1_s1__h32kv32d96v96: 1.083x
[286/303] dense_short_k_clc__q129_k1152_b48_c1_s1__h64kv8d64v64: 1.162x
[287/303] dense_short_k_clc__q1_k1024_b96_c1_s1__h32kv8d128v128: 1.104x
[288/303] dense_short_k_clc__q64_k896_b32_c1_s1__h32kv32d96v96: 1.157x
[289/303] dense_short_k_clc__q129_k640_b48_c1_s1__h64kv8d64v64: 1.288x
[290/303] dense_short_k_clc__q17_k1536_b32_c1_s1__h32kv32d96v96: 1.061x
[291/303] dense_short_k_clc__q64_k1280_b48_c1_s1__h64kv8d64v64: 1.118x
[292/303] dense_short_k_clc__q17_k1024_b32_c1_s1__h32kv32d96v96: 1.141x
[293/303] dense_short_k_clc__q64_k896_b48_c1_s1__h64kv8d64v64: 1.180x
[294/303] dense_short_k_clc__q1_k2048_b32_c1_s1__h32kv32d96v96: 1.047x
[295/303] dense_short_k_clc__q17_k1536_b48_c1_s1__h64kv8d64v64: 1.045x
[296/303] dense_short_k_clc__q1_k1152_b32_c1_s1__h32kv32d96v96: 1.134x
[297/303] dense_short_k_clc__q17_k1024_b48_c1_s1__h64kv8d64v64: 1.102x
[298/303] dense_short_k_clc__q17_k1088_b40_c1_s1__h32kv8d128v128: 1.088x
[299/303] dense_short_k_clc__q97_k1216_b40_c1_s1__h32kv8d128v128: 1.112x
[300/303] dense_short_k_clc__q1_k1024_b40_c1_s1__h71kv1d64v64: 1.027x
[301/303] dense_short_k_clc__q33_k1152_b40_c1_s1__h71kv1d64v64: 1.141x
[302/303] dense_short_k_clc__q17_k1088_b40_c1_s1__h32kv32d96v96: 1.155x
[303/303] dense_short_k_clc__q97_k1216_b40_c1_s1__h64kv8d64v64: 1.119x
balanced_varlen_mha_clc: n=84 geomean=1.144x weighted=1.103x range=[1.010, 1.373]x W/N/L=83/1/0 geomean95=[1.143, 1.145]
dense_short_k_clc: n=73 geomean=1.110x weighted=1.126x range=[0.990, 1.358]x W/N/L=68/4/1 geomean95=[1.109, 1.111]
high_head_varlen_clc: n=50 geomean=1.192x weighted=1.124x range=[1.003, 1.421]x W/N/L=49/1/0 geomean95=[1.190, 1.193]
long_k_d64_nonpersistent: n=96 geomean=1.058x weighted=1.042x range=[0.999, 1.106]x W/N/L=94/2/0 geomean95=[1.058, 1.059]
results=agent_space/gb300_fwd_config_final_exact/results.json
